https://www.aviasales.ru/
https://www.aviasales.ru/?params=OSL1
https://aviasales.ru
https://b2b.aviasales.ru/
https://calendar.aviasales.ru
https://tickets.aviasales.ru/
https://search.aviasales.ru
https://wwb1a.beta.aviasales.ru
https://freeipa.beta.aviasales.ru
https://new2022.aviasales.ru/
https://nordwindairlines.ru/ru
https://cas.nordwindairlines.ru/nwa/index.nwa?ResX=1180?ResY=932
https://autodiscover.nordwindairlines.ru/owa/auth/logon.aspx?replaceCurrent=1&url=https%3a%2f%2fautodiscover.nordwindairlines.ru%2fowa%2f
https://lydia.nordwindairlines.ru/SKYPSS/index.jsp
https://legal.nordwindairlines.ru/login
https://www.aeroflot.ru/ru-ru
https://trade.aeroflot.ru/
https://travel-safe.aeroflot.ru/
https://lmsspeech.aeroflot.ru/moodle/
https://track.aeroflot.ru
https://click.aeroflot.ru/
https://rim.aeroflot.ru/rim/#login
https://join.cms.aeroflot.ru/ru-RU/home
https://mobprd.aeroflot.ru
https://azimuth.aero/ru
https://agents.azimuth.aero
https://www.uralairlines.ru/
https://kiyaviakrym.com/
https://rov.aero/
https://airport-murmansk.ru/
https://193.24.8.15:443
https://85.31.123.212:443
https://85.31.124.50:443
https://193.24.8.241:443
https://85.31.126.157:443
https://85.31.124.232:443
https://37.220.162.162:443
https://80.92.36.71:443
https://80.92.34.6:443
https://78.155.201.8:443
https://80.92.36.6:443
https://80.92.37.121:443
https://80.92.37.14:443
https://80.92.36.74:443
https://178.159.249.161:443
https://178.248.238.32:443
https://109.238.243.245:443
https://109.238.243.253:443
https://5.101.74.109:443
https://92.53.126.171:443
https://213.189.217.114:443
https://51.250.48.240:443
