https://moskva.beeline.ru/customers/products/
https://msk-online.ru/#/p/zayavka
https://moscow.msk-online.ru/
https://msk.rt.ru/b2b
https://domodar.ru/posts/internet-onlime/
https://rt-internet.ru/#/p/zayavka
https://my.rt.ru/
https://b2c.passport.rt.ru/auth/realms/b2c/protocol/openid-connect/auth?client_id=account_b2c&redirect_uri
https://www.onlime.ru/bonus/rules/
https://mtsru.ru/#/p/zayavka
https://moscow.mt-home.ru/#/p/zayavka
https://moskva.mts.ru/personal/dom/home-allmts/moskva
https://mgts.ru/home/internet/
https://www.starlink.ru/payment/
https://stat.starlink.ru/
https://moskva.justconnect.ru/tarifs/starlink/#/tpl=provider_tarifs&provider=258&price=1200&speed=10&sort=rating
https://moskva.justconnect.ru/tarifs/
https://isp-vrn.ru/moscow/tariffs
https://inetgu.ru/tarifs.html
https://lk.qwerty.ru/owa/rac.k/!w3_p_main.showform?CONFIG=CONTRACT
https://moscow.megafon.ru/pay/online_payment_credit_card/
https://lk.megafon.ru/api/login/
https://moscow.shop.megafon.ru/mobile/156000?int_campaign=324&int_b=3288
https://plus.megafon.ru/
https://money.megafon.ru/
https://kiozk.ru/audio/biznes
https://books.megafon.ru/day/login
https://www.megafon.ru/go/mf_main
https://megafon.tv/shows/Domashnee_pole_2022
https://life.megafon.ru/digital-marketplace/#listen
https://ru.gogames.co/#Arcade
https://zkz.megafon.ru/number/
https://www.wifire.ru/nadolgo
https://my.wifire.ru/
https://www.netbynet.ru/about
https://b2b.netbynet.ru/internet
https://b2b.netbynet.ru/pay
https://wifire.tv/
https://wifire-netbynet.ru/Domashniy_Internet_i_TV_tarify
https://www.akado.ru/services/dtv-internet/
https://www.akado.ru/sub/payment/sbr/
https://www.akado-telecom.ru/zakaz/
https://master.akado-telecom.ru/
https://video-cam.akado.ru/login.html
https://x.inetcom.ru/
https://www.inetcom.ru/subscribers
https://inetcom.ru/connection
https://inetcom.tv/
https://stat.inetcom.ru/cabinet/index.php
https://217.118.87.98:443
https://80.87.203.55:443
https://213.59.197.6:443
https://185.114.244.171:443
https://82.202.170.53:443
https://195.166.180.250:443
https://213.59.197.1:443
https://195.166.180.226:443
https://178.248.238.27:443
https://195.178.108.240:443
https://77.50.0.15:443
https://188.225.57.169:443
https://91.221.109.88:443
https://5.183.188.158:443
https://195.166.180.235:443
https://213.85.204.115:443
https://85.26.148.161:443
https://188.162.60.211:443
https://37.29.76.25:443
https://188.162.60.199:443
https://193.232.168.27:443
https://188.227.73.6:443
https://193.232.168.26:443
https://83.149.14.228:443
https://195.208.38.27:443
https://89.20.149.117:443
https://46.232.220.40:443
https://89.20.151.154:443
https://178.21.12.79:443
https://217.10.36.226:443
https://94.79.11.105:443
https://212.45.6.254:443
https://77.108.77.98:443
https://194.187.205.230:443
https://176.99.128.41:443
https://194.187.205.229:443
https://194.187.205.252:443
